2026-08-30 01:54:08,501 INFO:main.py:240:print_splash_screen:PDB2PQR v3.6.1: biomolecular structure conversion software.
2026-08-30 01:54:08,501 INFO:main.py:242:print_splash_screen:Please cite:  Jurrus E, et al.  Improvements to the APBS biomolecular solvation software suite.  Protein Sci 27 112-128 (2018).
2026-08-30 01:54:08,501 INFO:main.py:242:print_splash_screen:Please cite:  Dolinsky TJ, et al.  PDB2PQR: expanding and upgrading automated preparation of biomolecular structures for molecular simulations. Nucleic Acids Res 35 W522-W525 (2007).
2026-08-30 01:54:08,501 INFO:main.py:759:main_driver:Checking and transforming input arguments.
2026-08-30 01:54:08,501 INFO:main.py:763:main_driver:Loading topology files.
2026-08-30 01:54:08,745 INFO:main.py:765:main_driver:Loading molecule: 5US4_clean.pdb
2026-08-30 01:54:08,753 INFO:main.py:770:main_driver:Setting up molecule.
2026-08-30 01:54:08,758 WARNING:biomolecule.py:992:create_residue:Unable to find amino or nucleic acid definition for GDP.  Parsing as new residue.
2026-08-30 01:54:08,758 WARNING:biomolecule.py:992:create_residue:Unable to find amino or nucleic acid definition for MG.  Parsing as new residue.
2026-08-30 01:54:08,758 INFO:main.py:408:setup_molecule:Created biomolecule object with 166 residues and 1340 atoms.
2026-08-30 01:54:08,758 INFO:main.py:774:main_driver:Setting termini states for biomolecule chains.
2026-08-30 01:54:08,760 WARNING:biomolecule.py:615:update_bonds:Gap in backbone detected between ALA A 59 and SER A 65!
2026-08-30 01:54:08,760 INFO:main.py:604:non_trivial:Loading forcefield.
2026-08-30 01:54:08,769 INFO:main.py:608:non_trivial:Loading hydrogen topology definitions.
2026-08-30 01:54:08,770 WARNING:biomolecule.py:157:num_missing_heavy:Missing atom OXT in residue LYS A 169
2026-08-30 01:54:08,771 WARNING:biomolecule.py:157:num_missing_heavy:Missing atom OXT in residue LYS A 169
2026-08-30 01:54:08,771 INFO:main.py:618:non_trivial:Attempting to repair 1 missing atoms in biomolecule.
2026-08-30 01:54:08,771 WARNING:biomolecule.py:157:num_missing_heavy:Missing atom OXT in residue LYS A 169
2026-08-30 01:54:08,772 INFO:biomolecule.py:1077:repair_heavy:Added atom OXT to residue LYS A 169 at coordinates -11.395, 49.857, -2.953
2026-08-30 01:54:08,772 INFO:main.py:623:non_trivial:Updating disulfide bridges.
2026-08-30 01:54:08,772 INFO:main.py:626:non_trivial:Debumping biomolecule.
2026-08-30 01:54:08,787 INFO:main.py:649:non_trivial:Adding hydrogens to biomolecule.
2026-08-30 01:54:08,865 INFO:main.py:652:non_trivial:Debumping biomolecule (again).
2026-08-30 01:54:08,932 INFO:main.py:654:non_trivial:Optimizing hydrogen bonds
2026-08-30 01:54:09,026 INFO:main.py:666:non_trivial:Applying force field to biomolecule states.
2026-08-30 01:54:09,027 INFO:main.py:713:non_trivial:Regenerating headers.
2026-08-30 01:54:09,027 INFO:main.py:738:non_trivial:Regenerating PDB lines.
2026-08-30 01:54:09,033 WARNING:main.py:311:print_pqr:Ignoring 1730 header lines in output.
2026-08-30 01:54:09,034 WARNING:main.py:315:print_pqr:Ignoring 29 missing lines in output.
2026-08-30 01:54:09,040 WARNING:main.py:354:print_pdb:Ignoring 1730 header lines in output.
2026-08-30 01:54:09,040 WARNING:main.py:358:print_pdb:Ignoring 29 missing lines in output.
