2026-08-30 01:55:55,867 INFO:main.py:240:print_splash_screen:PDB2PQR v3.6.1: biomolecular structure conversion software.
2026-08-30 01:55:55,867 INFO:main.py:242:print_splash_screen:Please cite:  Jurrus E, et al.  Improvements to the APBS biomolecular solvation software suite.  Protein Sci 27 112-128 (2018).
2026-08-30 01:55:55,867 INFO:main.py:242:print_splash_screen:Please cite:  Dolinsky TJ, et al.  PDB2PQR: expanding and upgrading automated preparation of biomolecular structures for molecular simulations. Nucleic Acids Res 35 W522-W525 (2007).
2026-08-30 01:55:55,867 INFO:main.py:759:main_driver:Checking and transforming input arguments.
2026-08-30 01:55:55,868 INFO:main.py:763:main_driver:Loading topology files.
2026-08-30 01:55:55,893 INFO:main.py:765:main_driver:Loading molecule: 7RPZ_clean.pdb
2026-08-30 01:55:55,899 INFO:main.py:770:main_driver:Setting up molecule.
2026-08-30 01:55:55,903 WARNING:biomolecule.py:992:create_residue:Unable to find amino or nucleic acid definition for GDP.  Parsing as new residue.
2026-08-30 01:55:55,903 WARNING:biomolecule.py:992:create_residue:Unable to find amino or nucleic acid definition for MG.  Parsing as new residue.
2026-08-30 01:55:55,903 INFO:main.py:408:setup_molecule:Created biomolecule object with 170 residues and 1371 atoms.
2026-08-30 01:55:55,903 WARNING:main.py:418:setup_molecule:Multiple occupancies found: CA in SER A 118.
2026-08-30 01:55:55,903 WARNING:main.py:418:setup_molecule:Multiple occupancies found: CB in SER A 118.
2026-08-30 01:55:55,903 WARNING:main.py:418:setup_molecule:Multiple occupancies found: OG in SER A 118.
2026-08-30 01:55:55,903 WARNING:main.py:424:setup_molecule:Multiple occupancies found in SER A 118. At least one of the instances is being ignored.
2026-08-30 01:55:55,903 INFO:main.py:774:main_driver:Setting termini states for biomolecule chains.
2026-08-30 01:55:55,905 INFO:main.py:604:non_trivial:Loading forcefield.
2026-08-30 01:55:55,914 INFO:main.py:608:non_trivial:Loading hydrogen topology definitions.
2026-08-30 01:55:55,915 WARNING:biomolecule.py:157:num_missing_heavy:Missing atom CG in residue ASP A 30
2026-08-30 01:55:55,916 WARNING:biomolecule.py:157:num_missing_heavy:Missing atom OD1 in residue ASP A 30
2026-08-30 01:55:55,916 WARNING:biomolecule.py:157:num_missing_heavy:Missing atom OD2 in residue ASP A 30
2026-08-30 01:55:55,916 WARNING:biomolecule.py:157:num_missing_heavy:Missing atom CG in residue GLU A 31
2026-08-30 01:55:55,916 WARNING:biomolecule.py:157:num_missing_heavy:Missing atom CD in residue GLU A 31
2026-08-30 01:55:55,916 WARNING:biomolecule.py:157:num_missing_heavy:Missing atom OE1 in residue GLU A 31
2026-08-30 01:55:55,916 WARNING:biomolecule.py:157:num_missing_heavy:Missing atom OE2 in residue GLU A 31
2026-08-30 01:55:55,916 WARNING:biomolecule.py:157:num_missing_heavy:Missing atom CG in residue ASP A 30
2026-08-30 01:55:55,916 WARNING:biomolecule.py:157:num_missing_heavy:Missing atom OD1 in residue ASP A 30
2026-08-30 01:55:55,916 WARNING:biomolecule.py:157:num_missing_heavy:Missing atom OD2 in residue ASP A 30
2026-08-30 01:55:55,916 WARNING:biomolecule.py:157:num_missing_heavy:Missing atom CG in residue GLU A 31
2026-08-30 01:55:55,916 WARNING:biomolecule.py:157:num_missing_heavy:Missing atom CD in residue GLU A 31
2026-08-30 01:55:55,916 WARNING:biomolecule.py:157:num_missing_heavy:Missing atom OE1 in residue GLU A 31
2026-08-30 01:55:55,916 WARNING:biomolecule.py:157:num_missing_heavy:Missing atom OE2 in residue GLU A 31
2026-08-30 01:55:55,917 INFO:main.py:618:non_trivial:Attempting to repair 7 missing atoms in biomolecule.
2026-08-30 01:55:55,917 WARNING:biomolecule.py:157:num_missing_heavy:Missing atom CG in residue ASP A 30
2026-08-30 01:55:55,917 WARNING:biomolecule.py:157:num_missing_heavy:Missing atom OD1 in residue ASP A 30
2026-08-30 01:55:55,917 WARNING:biomolecule.py:157:num_missing_heavy:Missing atom OD2 in residue ASP A 30
2026-08-30 01:55:55,917 WARNING:biomolecule.py:157:num_missing_heavy:Missing atom CG in residue GLU A 31
2026-08-30 01:55:55,918 WARNING:biomolecule.py:157:num_missing_heavy:Missing atom CD in residue GLU A 31
2026-08-30 01:55:55,918 WARNING:biomolecule.py:157:num_missing_heavy:Missing atom OE1 in residue GLU A 31
2026-08-30 01:55:55,918 WARNING:biomolecule.py:157:num_missing_heavy:Missing atom OE2 in residue GLU A 31
2026-08-30 01:55:55,918 INFO:biomolecule.py:1077:repair_heavy:Added atom CG to residue ASP A 30 at coordinates -25.259, 15.766, 4.772
2026-08-30 01:55:55,919 INFO:biomolecule.py:1077:repair_heavy:Added atom OD1 to residue ASP A 30 at coordinates -24.765, 16.421, 3.831
2026-08-30 01:55:55,919 INFO:biomolecule.py:1077:repair_heavy:Added atom OD2 to residue ASP A 30 at coordinates -25.250, 14.523, 4.810
2026-08-30 01:55:55,919 INFO:biomolecule.py:1077:repair_heavy:Added atom CG to residue GLU A 31 at coordinates -27.555, 16.642, 10.142
2026-08-30 01:55:55,919 INFO:biomolecule.py:1077:repair_heavy:Added atom CD to residue GLU A 31 at coordinates -27.663, 15.581, 11.201
2026-08-30 01:55:55,919 INFO:biomolecule.py:1077:repair_heavy:Added atom OE1 to residue GLU A 31 at coordinates -27.165, 15.671, 12.311
2026-08-30 01:55:55,919 INFO:biomolecule.py:1077:repair_heavy:Added atom OE2 to residue GLU A 31 at coordinates -28.312, 14.589, 10.808
2026-08-30 01:55:55,920 INFO:main.py:623:non_trivial:Updating disulfide bridges.
2026-08-30 01:55:55,920 INFO:main.py:626:non_trivial:Debumping biomolecule.
2026-08-30 01:55:55,934 INFO:main.py:649:non_trivial:Adding hydrogens to biomolecule.
2026-08-30 01:55:56,013 INFO:main.py:652:non_trivial:Debumping biomolecule (again).
2026-08-30 01:55:56,083 INFO:main.py:654:non_trivial:Optimizing hydrogen bonds
2026-08-30 01:55:56,192 INFO:main.py:666:non_trivial:Applying force field to biomolecule states.
2026-08-30 01:55:56,194 INFO:main.py:713:non_trivial:Regenerating headers.
2026-08-30 01:55:56,194 INFO:main.py:738:non_trivial:Regenerating PDB lines.
2026-08-30 01:55:56,200 WARNING:main.py:311:print_pqr:Ignoring 1730 header lines in output.
2026-08-30 01:55:56,200 WARNING:main.py:315:print_pqr:Ignoring 29 missing lines in output.
2026-08-30 01:55:56,211 WARNING:main.py:354:print_pdb:Ignoring 1730 header lines in output.
2026-08-30 01:55:56,211 WARNING:main.py:358:print_pdb:Ignoring 29 missing lines in output.
